// Jest Snapshot v1, https://goo.gl/fbAQLP

exports[`Login will match snapshot 1`] = `
Object {
  "asFragment": [Function],
  "baseElement": <body>
    <div>
      <div
        class="mx-auto w-80"
      >
        <header
          class="mb-4 pt-20 text-center"
        >
          <h1
            class="border-b-4 pb-2 text-2xl font-bold"
            data-testid="login_page"
          >
            Employee Polls Login Portal
          </h1>
        </header>
        <h2
          class="mb-4 border-b-2 pb-2 text-center text-xl font-medium shadow-sm shadow-black/30"
        >
          Please select a user to login
        </h2>
        <div
          class="space-y-4"
        />
      </div>
    </div>
  </body>,
  "container": <div>
    <div
      class="mx-auto w-80"
    >
      <header
        class="mb-4 pt-20 text-center"
      >
        <h1
          class="border-b-4 pb-2 text-2xl font-bold"
          data-testid="login_page"
        >
          Employee Polls Login Portal
        </h1>
      </header>
      <h2
        class="mb-4 border-b-2 pb-2 text-center text-xl font-medium shadow-sm shadow-black/30"
      >
        Please select a user to login
      </h2>
      <div
        class="space-y-4"
      />
    </div>
  </div>,
  "debug": [Function],
  "findAllByAltText": [Function],
  "findAllByDisplayValue": [Function],
  "findAllByLabelText": [Function],
  "findAllByPlaceholderText": [Function],
  "findAllByRole": [Function],
  "findAllByTestId": [Function],
  "findAllByText": [Function],
  "findAllByTitle": [Function],
  "findByAltText": [Function],
  "findByDisplayValue": [Function],
  "findByLabelText": [Function],
  "findByPlaceholderText": [Function],
  "findByRole": [Function],
  "findByTestId": [Function],
  "findByText": [Function],
  "findByTitle": [Function],
  "getAllByAltText": [Function],
  "getAllByDisplayValue": [Function],
  "getAllByLabelText": [Function],
  "getAllByPlaceholderText": [Function],
  "getAllByRole": [Function],
  "getAllByTestId": [Function],
  "getAllByText": [Function],
  "getAllByTitle": [Function],
  "getByAltText": [Function],
  "getByDisplayValue": [Function],
  "getByLabelText": [Function],
  "getByPlaceholderText": [Function],
  "getByRole": [Function],
  "getByTestId": [Function],
  "getByText": [Function],
  "getByTitle": [Function],
  "queryAllByAltText": [Function],
  "queryAllByDisplayValue": [Function],
  "queryAllByLabelText": [Function],
  "queryAllByPlaceholderText": [Function],
  "queryAllByRole": [Function],
  "queryAllByTestId": [Function],
  "queryAllByText": [Function],
  "queryAllByTitle": [Function],
  "queryByAltText": [Function],
  "queryByDisplayValue": [Function],
  "queryByLabelText": [Function],
  "queryByPlaceholderText": [Function],
  "queryByRole": [Function],
  "queryByTestId": [Function],
  "queryByText": [Function],
  "queryByTitle": [Function],
  "rerender": [Function],
  "store": Object {
    "@@observable": [Function],
    "dispatch": [Function],
    "getState": [Function],
    "replaceReducer": [Function],
    "subscribe": [Function],
  },
  "unmount": [Function],
}
`;
