// Jest Snapshot v1, https://goo.gl/fbAQLP

exports[`SignUp will match snapshot 1`] = `
Object {
  "asFragment": [Function],
  "baseElement": <body>
    <div>
      <div
        class="w-full flex flex-col items-center"
      >
        <header
          class="mt-20 mb-8 text-center"
        >
          <h1
            class="font-bold text-xl"
          >
            Sign Up
          </h1>
        </header>
        <form
          class="w-80"
        >
          <div
            class="flex flex-col"
          >
            <label
              class="font-semibold mb-1"
            >
              Create username
            </label>
            <div
              class="w-full bg-gray-200 py-2 px-4 flex items-center justify-between"
            >
              <input
                class="bg-transparent w-full outline-none"
                data-testid="input-username"
                name="username"
                type="text"
              />
            </div>
          </div>
          <p
            class="mt-1 text-red-400"
            data-testid="error-message"
          />
          <button
            class="bg-red-400 hover:brightness-95 transition-all duration-150 ease-out w-full py-2 mt-4 text-white font-semibold text-lg disabled:bg-gray-300"
            data-testid="submit-button"
          >
            Sign Up
          </button>
        </form>
      </div>
    </div>
  </body>,
  "container": <div>
    <div
      class="w-full flex flex-col items-center"
    >
      <header
        class="mt-20 mb-8 text-center"
      >
        <h1
          class="font-bold text-xl"
        >
          Sign Up
        </h1>
      </header>
      <form
        class="w-80"
      >
        <div
          class="flex flex-col"
        >
          <label
            class="font-semibold mb-1"
          >
            Create username
          </label>
          <div
            class="w-full bg-gray-200 py-2 px-4 flex items-center justify-between"
          >
            <input
              class="bg-transparent w-full outline-none"
              data-testid="input-username"
              name="username"
              type="text"
            />
          </div>
        </div>
        <p
          class="mt-1 text-red-400"
          data-testid="error-message"
        />
        <button
          class="bg-red-400 hover:brightness-95 transition-all duration-150 ease-out w-full py-2 mt-4 text-white font-semibold text-lg disabled:bg-gray-300"
          data-testid="submit-button"
        >
          Sign Up
        </button>
      </form>
    </div>
  </div>,
  "debug": [Function],
  "findAllByAltText": [Function],
  "findAllByDisplayValue": [Function],
  "findAllByLabelText": [Function],
  "findAllByPlaceholderText": [Function],
  "findAllByRole": [Function],
  "findAllByTestId": [Function],
  "findAllByText": [Function],
  "findAllByTitle": [Function],
  "findByAltText": [Function],
  "findByDisplayValue": [Function],
  "findByLabelText": [Function],
  "findByPlaceholderText": [Function],
  "findByRole": [Function],
  "findByTestId": [Function],
  "findByText": [Function],
  "findByTitle": [Function],
  "getAllByAltText": [Function],
  "getAllByDisplayValue": [Function],
  "getAllByLabelText": [Function],
  "getAllByPlaceholderText": [Function],
  "getAllByRole": [Function],
  "getAllByTestId": [Function],
  "getAllByText": [Function],
  "getAllByTitle": [Function],
  "getByAltText": [Function],
  "getByDisplayValue": [Function],
  "getByLabelText": [Function],
  "getByPlaceholderText": [Function],
  "getByRole": [Function],
  "getByTestId": [Function],
  "getByText": [Function],
  "getByTitle": [Function],
  "queryAllByAltText": [Function],
  "queryAllByDisplayValue": [Function],
  "queryAllByLabelText": [Function],
  "queryAllByPlaceholderText": [Function],
  "queryAllByRole": [Function],
  "queryAllByTestId": [Function],
  "queryAllByText": [Function],
  "queryAllByTitle": [Function],
  "queryByAltText": [Function],
  "queryByDisplayValue": [Function],
  "queryByLabelText": [Function],
  "queryByPlaceholderText": [Function],
  "queryByRole": [Function],
  "queryByTestId": [Function],
  "queryByText": [Function],
  "queryByTitle": [Function],
  "rerender": [Function],
  "unmount": [Function],
}
`;
